// Jest Snapshot v1, https://goo.gl/fbAQLP

exports[`mount 1`] = `
<div>
  <h1>Hello Another Test</h1>
</div>
`;
